raw order header: ['Open Time', 'Order', 'Symbol', 'Type', 'Volume', 'Price', 'S / L', 'T / P', 'Time', 'State', '', 'Comment', '', '', '']
duplicate header names: []

lattice pendings parsed: 36996
volume strings where filled != initial: 19312
volume string shapes (top 20): {'0.01 / 0.01': 12882, '0.06 / 0': 6632, '0.02 / 0': 3547, '0.02 / 0.02': 3097, '0.01 / 0': 2991, '0.05 / 0': 2184, '0.15 / 0': 2076, '0.03 / 0': 1718, '0.06 / 0.06': 797, '0.03 / 0.03': 525, '0.05 / 0.05': 243, '0.3 / 0': 57, '0.12 / 0.12': 40, '0.15 / 0.15': 35, '0.08 / 0.08': 33, '0.82 / 0': 33, '0.41 / 0': 24, '0.08 / 0': 16, '0.41 / 0.41': 16, '0.12 / 0': 15}
clusters: 9775
deployments (>= 10 legs, carries B1 and S1): 210
deployment leg-count histogram: {10: 2, 20: 1, 22: 1, 30: 1, 49: 1, 53: 1, 60: 97, 100: 99, 120: 7}
non-deployment clusters: 9565 legs=20242

=== V1 anchor and step law ===
  step == round(anchor/3000,2) : 103/210
  anchor is a whole cent       : 210/210
  B1-S1 == 2*step              : 210/210
  lattice residual max         : 0.0000000000
  lattice residual p95         : 0.0000000000
  legs checked                 : 16754

=== V2 interleave ===
  zero-inversion deployments   : 203/210
  total inversions             : 10

=== V9 level count and tier volumes ===
  N histogram: {5: 1, 7: 1, 10: 1, 11: 1, 15: 1, 25: 1, 27: 1, 30: 97, 50: 99, 60: 7}
  n= 50 tiers=(0.01, 0.03, 0.06)  x99
  n= 30 tiers=(0.01, 0.06, 0.15)  x94
  n= 60 tiers=(0.01, 0.02, 0.05)  x7
  n= 30 tiers=(0.08, 0.41, 0.82)  x2
  n= 30 tiers=(0.01, 0.02, 0.05)  x1
  n= 15 tiers=(0.01, 0.06)  x1
  n= 27 tiers=(0.01, 0.06, 0.15)  x1
  n= 11 tiers=(0.01, 0.06)  x1
  n=  5 tiers=(0.01,)  x1
  n= 10 tiers=(0.01,)  x1
  n= 25 tiers=(0.01, 0.06, 0.15)  x1
  n=  7 tiers=(0.01,)  x1

=== per-deployment detail ===
  when                      legs   N     anchor      step       law  a/step  cent inv tiers
  2026-06-23 16:17:27.956000   100  50    4136.94      1.10      1.38    3761  Y    0 (0.01, 0.03, 0.06)  <-- STEP LAW MISS
  2026-06-23 20:47:08.133000   100  50    4113.47      0.87      1.37    4728  Y    0 (0.01, 0.03, 0.06)  <-- STEP LAW MISS
  2026-06-23 21:01:56.446000   100  50    4121.59      0.84      1.37    4907  Y    0 (0.01, 0.03, 0.06)  <-- STEP LAW MISS
  2026-06-24 00:34:33.997000   100  50    4098.57      0.78      1.37    5255  Y    0 (0.01, 0.03, 0.06)  <-- STEP LAW MISS
  2026-06-24 03:04:09.187000   100  50    4072.36      1.07      1.36    3806  Y    0 (0.01, 0.03, 0.06)  <-- STEP LAW MISS
  2026-06-24 03:12:28.155000   100  50    4089.72      1.09      1.36    3752  Y    0 (0.01, 0.03, 0.06)  <-- STEP LAW MISS
  2026-06-24 04:43:46.125000   100  50    4054.42      1.29      1.35    3143  Y    0 (0.01, 0.03, 0.06)  <-- STEP LAW MISS
  2026-06-24 04:55:02.118000   100  50    4064.92      1.32      1.35    3079  Y    0 (0.01, 0.03, 0.06)  <-- STEP LAW MISS
  2026-06-24 13:26:31.197000   100  50    4039.53      0.93      1.35    4344  Y    0 (0.01, 0.03, 0.06)  <-- STEP LAW MISS
  2026-06-24 13:39:08.352000   100  50    4049.79      0.95      1.35    4263  Y    0 (0.01, 0.03, 0.06)  <-- STEP LAW MISS
  2026-06-24 16:19:15.247000   100  50    4016.00      1.68      1.34    2390  Y    0 (0.01, 0.03, 0.06)  <-- STEP LAW MISS
  2026-06-24 21:10:22.166000   100  50    3976.36      1.21      1.33    3286  Y    0 (0.01, 0.03, 0.06)  <-- STEP LAW MISS
  2026-06-24 21:54:58.186000   100  50    3990.72      1.16      1.33    3440  Y    0 (0.01, 0.03, 0.06)  <-- STEP LAW MISS
  2026-06-25 01:35:47.183000   100  50    4013.67      0.95      1.34    4225  Y    0 (0.01, 0.03, 0.06)  <-- STEP LAW MISS
  2026-06-25 02:35:17.207000   100  50    3986.46      0.94      1.33    4241  Y    0 (0.01, 0.03, 0.06)  <-- STEP LAW MISS
  2026-06-25 03:21:07.143000   100  50    3998.78      1.15      1.33    3477  Y    0 (0.01, 0.03, 0.06)  <-- STEP LAW MISS
  2026-06-25 03:33:54.169000   100  50    3987.00      1.16      1.33    3437  Y    0 (0.01, 0.03, 0.06)  <-- STEP LAW MISS
  2026-06-25 03:54:56.158000   100  50    3979.71      1.24      1.33    3209  Y    0 (0.01, 0.03, 0.06)  <-- STEP LAW MISS
  2026-06-25 08:05:32.189000   100  50    3986.23      1.15      1.33    3466  Y    0 (0.01, 0.03, 0.06)  <-- STEP LAW MISS
  2026-06-25 08:16:55.318000   100  50    3977.00      1.14      1.33    3489  Y    0 (0.01, 0.03, 0.06)  <-- STEP LAW MISS
  2026-06-25 09:32:25.180000   100  50    3989.25      1.03      1.33    3873  Y    0 (0.01, 0.03, 0.06)  <-- STEP LAW MISS
  2026-06-25 09:40:12.156000   100  50    3978.71      1.05      1.33    3789  Y    0 (0.01, 0.03, 0.06)  <-- STEP LAW MISS
  2026-06-25 10:21:00.279000   100  50    3997.05      1.13      1.33    3537  Y    0 (0.01, 0.03, 0.06)  <-- STEP LAW MISS
  2026-06-25 13:37:09.150000   100  50    3975.23      0.87      1.33    4569  Y    0 (0.01, 0.03, 0.06)  <-- STEP LAW MISS
  2026-06-25 13:40:57.493000   100  50    3984.58      0.88      1.33    4528  Y    0 (0.01, 0.03, 0.06)  <-- STEP LAW MISS
  2026-06-25 14:30:27.188000   100  50    4002.22      0.89      1.33    4497  Y    0 (0.01, 0.03, 0.06)  <-- STEP LAW MISS
  2026-06-25 15:21:11.263000   100  50    4027.51      1.04      1.34    3873  Y    0 (0.01, 0.03, 0.06)  <-- STEP LAW MISS
  2026-06-25 15:40:52.233000   100  50    4018.13      1.09      1.34    3686  Y    0 (0.01, 0.03, 0.06)  <-- STEP LAW MISS
  2026-06-25 17:12:50.178000   100  50    4005.90      1.34      1.34    2989  Y    0 (0.01, 0.03, 0.06)
  2026-06-25 17:21:53.356000   100  50    4023.67      1.39      1.34    2895  Y    0 (0.01, 0.03, 0.06)  <-- STEP LAW MISS
  2026-06-25 17:23:41.123000   100  50    4034.84      1.46      1.34    2764  Y    0 (0.01, 0.03, 0.06)  <-- STEP LAW MISS
  2026-06-25 22:02:07.345000   100  50    4034.25      0.94      1.34    4292  Y    0 (0.01, 0.03, 0.06)  <-- STEP LAW MISS
  2026-06-25 22:41:36.371000   100  50    4025.19      0.91      1.34    4423  Y    0 (0.01, 0.03, 0.06)  <-- STEP LAW MISS
  2026-06-26 04:07:35.141000   100  50    4017.06      0.97      1.34    4141  Y    0 (0.01, 0.03, 0.06)  <-- STEP LAW MISS
  2026-06-26 04:20:12.183000   100  50    4009.71      0.97      1.34    4134  Y    0 (0.01, 0.03, 0.06)  <-- STEP LAW MISS
  2026-06-26 04:37:35.282000   100  50    3997.41      1.03      1.33    3881  Y    0 (0.01, 0.03, 0.06)  <-- STEP LAW MISS
  2026-06-26 04:54:45.199000   100  50    3985.18      1.06      1.33    3760  Y    0 (0.01, 0.03, 0.06)  <-- STEP LAW MISS
  2026-06-26 05:55:49.246000   100  50    4006.01      1.06      1.34    3779  Y    0 (0.01, 0.03, 0.06)  <-- STEP LAW MISS
  2026-06-26 08:22:17.132000   100  50    4020.16      0.95      1.34    4232  Y    0 (0.01, 0.03, 0.06)  <-- STEP LAW MISS
  2026-06-26 08:56:14.116000   100  50    4027.54      0.94      1.34    4285  Y    1 (0.01, 0.03, 0.06)  <-- STEP LAW MISS
  2026-06-26 09:27:41.356000   100  50    4034.73      0.95      1.34    4247  Y    0 (0.01, 0.03, 0.06)  <-- STEP LAW MISS
  2026-06-26 13:19:33.230000   100  50    4052.93      0.93      1.35    4358  Y    0 (0.01, 0.03, 0.06)  <-- STEP LAW MISS
  2026-06-26 14:42:48.134000   100  50    4038.63      0.95      1.35    4251  Y    0 (0.01, 0.03, 0.06)  <-- STEP LAW MISS
  2026-06-26 14:58:04.211000   100  50    4054.67      0.97      1.35    4180  Y    0 (0.01, 0.03, 0.06)  <-- STEP LAW MISS
  2026-06-26 15:57:40.216000   100  50    4076.29      1.17      1.36    3484  Y    0 (0.01, 0.03, 0.06)  <-- STEP LAW MISS
  2026-06-26 22:55:49.395000   100  50    4085.62      0.82      1.36    4982  Y    0 (0.01, 0.03, 0.06)  <-- STEP LAW MISS
  2026-06-29 00:14:49.726000   100  50    4071.23      0.89      1.36    4574  Y    0 (0.01, 0.03, 0.06)  <-- STEP LAW MISS
  2026-06-29 00:18:46.460000   100  50    4054.29      0.94      1.35    4313  Y    0 (0.01, 0.03, 0.06)  <-- STEP LAW MISS
  2026-06-29 00:40:37.435000   100  50    4063.31      0.95      1.35    4277  Y    0 (0.01, 0.03, 0.06)  <-- STEP LAW MISS
  2026-06-29 03:14:31.175000   100  50    4055.08      1.21      1.35    3351  Y    0 (0.01, 0.03, 0.06)  <-- STEP LAW MISS
  2026-06-29 04:01:17.460000   100  50    4066.10      1.10      1.36    3696  Y    0 (0.01, 0.03, 0.06)  <-- STEP LAW MISS
  2026-06-29 10:56:36.297000   100  50    4050.18      0.89      1.35    4551  Y    0 (0.01, 0.03, 0.06)  <-- STEP LAW MISS
  2026-06-29 11:57:49.098000   100  50    4027.46      0.95      1.34    4239  Y    0 (0.01, 0.03, 0.06)  <-- STEP LAW MISS
  2026-06-29 12:10:50.382000   100  50    4035.42      0.96      1.35    4204  Y    0 (0.01, 0.03, 0.06)  <-- STEP LAW MISS
  2026-06-29 16:55:46.455000   100  50    4028.10      1.18      1.34    3414  Y    0 (0.01, 0.03, 0.06)  <-- STEP LAW MISS
  2026-06-29 17:37:25.611000   100  50    4019.06      1.16      1.34    3465  Y    0 (0.01, 0.03, 0.06)  <-- STEP LAW MISS
  2026-06-29 18:50:24.273000   100  50    4027.67      1.10      1.34    3662  Y    0 (0.01, 0.03, 0.06)  <-- STEP LAW MISS
  2026-06-30 02:06:28.217000   100  50    4006.65      0.75      1.34    5342  Y    0 (0.01, 0.03, 0.06)  <-- STEP LAW MISS
  2026-06-30 02:57:09.206000   100  50    3983.06      0.87      1.33    4578  Y    0 (0.01, 0.03, 0.06)  <-- STEP LAW MISS
  2026-06-30 03:07:22.157000   100  50    3952.10      1.01      1.32    3913  Y    0 (0.01, 0.03, 0.06)  <-- STEP LAW MISS
  2026-06-30 03:18:40.179000   100  50    3969.00      1.12      1.32    3544  Y    0 (0.01, 0.03, 0.06)  <-- STEP LAW MISS
  2026-06-30 08:22:31.168000   100  50    3992.22      0.94      1.33    4247  Y    0 (0.01, 0.03, 0.06)  <-- STEP LAW MISS
  2026-06-30 08:24:43.185000   100  50    4000.44      0.99      1.33    4041  Y    0 (0.01, 0.03, 0.06)  <-- STEP LAW MISS
  2026-06-30 08:29:23.127000   100  50    4011.51      1.03      1.34    3895  Y    0 (0.01, 0.03, 0.06)  <-- STEP LAW MISS
  2026-06-30 08:32:39.151000   100  50    4024.23      1.06      1.34    3796  Y    0 (0.01, 0.03, 0.06)  <-- STEP LAW MISS
  2026-06-30 09:21:02.337000   100  50    4031.22      1.11      1.34    3632  Y    0 (0.01, 0.03, 0.06)  <-- STEP LAW MISS
  2026-06-30 10:41:16.152000   100  50    4015.66      1.11      1.34    3618  Y    0 (0.01, 0.03, 0.06)  <-- STEP LAW MISS
  2026-06-30 15:19:05.163000   100  50    4027.97      0.89      1.34    4526  Y    0 (0.01, 0.03, 0.06)  <-- STEP LAW MISS
  2026-06-30 17:36:51.186000   100  50    4028.08      1.22      1.34    3302  Y    0 (0.01, 0.03, 0.06)  <-- STEP LAW MISS
  2026-07-01 03:01:26.159000   100  50    3996.79      0.78      1.33    5124  Y    0 (0.01, 0.03, 0.06)  <-- STEP LAW MISS
  2026-07-01 03:05:19.152000   100  50    3986.39      0.82      1.33    4861  Y    0 (0.01, 0.03, 0.06)  <-- STEP LAW MISS
  2026-07-01 03:18:34.136000   100  50    3976.44      0.87      1.33    4571  Y    0 (0.01, 0.03, 0.06)  <-- STEP LAW MISS
  2026-07-01 03:21:19.244000   100  50    3983.59      0.87      1.33    4579  Y    0 (0.01, 0.03, 0.06)  <-- STEP LAW MISS
  2026-07-01 06:03:09.157000   100  50    3975.77      0.92      1.33    4321  Y    0 (0.01, 0.03, 0.06)  <-- STEP LAW MISS
  2026-07-01 09:07:43.184000   100  50    3962.69      0.86      1.32    4608  Y    0 (0.01, 0.03, 0.06)  <-- STEP LAW MISS
  2026-07-01 09:40:01.171000   100  50    3969.30      0.91      1.32    4362  Y    0 (0.01, 0.03, 0.06)  <-- STEP LAW MISS
  2026-07-01 10:16:14.194000   100  50    3977.50      0.92      1.33    4323  Y    0 (0.01, 0.03, 0.06)  <-- STEP LAW MISS
  2026-07-01 12:57:51.881000   100  50    3997.94      0.85      1.33    4703  Y    0 (0.01, 0.03, 0.06)  <-- STEP LAW MISS
  2026-07-01 13:07:19.337000   100  50    4008.90      0.86      1.34    4662  Y    0 (0.01, 0.03, 0.06)  <-- STEP LAW MISS
  2026-07-01 13:11:48.153000   100  50    4017.68      0.90      1.34    4464  Y    0 (0.01, 0.03, 0.06)  <-- STEP LAW MISS
  2026-07-01 15:17:45.529000   100  50    4030.81      1.04      1.34    3876  Y    0 (0.01, 0.03, 0.06)  <-- STEP LAW MISS
  2026-07-01 15:39:09.131000   100  50    4066.84      1.20      1.36    3389  Y    0 (0.01, 0.03, 0.06)  <-- STEP LAW MISS
  2026-07-01 15:40:33.099000   100  50    4075.62      1.25      1.36    3260  Y    0 (0.01, 0.03, 0.06)  <-- STEP LAW MISS
  2026-07-01 15:43:58.141000   100  50    4086.88      1.29      1.36    3168  Y    0 (0.01, 0.03, 0.06)  <-- STEP LAW MISS
  2026-07-01 15:47:03.157000   100  50    4090.79      1.40      1.36    2922  Y    0 (0.01, 0.03, 0.06)  <-- STEP LAW MISS
  2026-07-01 16:35:34.202000   100  50    4112.25      1.48      1.37    2779  Y    0 (0.01, 0.03, 0.06)  <-- STEP LAW MISS
  2026-07-01 16:43:01.103000   100  50    4095.82      1.49      1.37    2749  Y    0 (0.01, 0.03, 0.06)  <-- STEP LAW MISS
  2026-07-01 17:08:18.183000   100  50    4086.54      1.49      1.36    2743  Y    0 (0.01, 0.03, 0.06)  <-- STEP LAW MISS
  2026-07-01 21:45:56.179000   100  50    4052.25      0.78      1.35    5195  Y    0 (0.01, 0.03, 0.06)  <-- STEP LAW MISS
  2026-07-01 21:52:21.189000   100  50    4042.22      0.83      1.35    4870  Y    0 (0.01, 0.03, 0.06)  <-- STEP LAW MISS
  2026-07-01 21:57:44.758000   100  50    4035.73      0.85      1.35    4748  Y    0 (0.01, 0.03, 0.06)  <-- STEP LAW MISS
  2026-07-02 04:04:02.174000   100  50    4045.60      1.00      1.35    4046  Y    0 (0.01, 0.03, 0.06)  <-- STEP LAW MISS
  2026-07-02 05:27:39.170000   100  50    4065.18      1.05      1.36    3872  Y    0 (0.01, 0.03, 0.06)  <-- STEP LAW MISS
  2026-07-02 11:06:40.576000   100  50    4072.77      0.98      1.36    4156  Y    0 (0.01, 0.03, 0.06)  <-- STEP LAW MISS
  2026-07-02 12:45:30.736000   100  50    4063.27      0.89      1.35    4565  Y    0 (0.01, 0.03, 0.06)  <-- STEP LAW MISS
  2026-07-02 14:30:15.159000   100  50    4099.51      0.99      1.37    4141  Y    1 (0.01, 0.03, 0.06)  <-- STEP LAW MISS
  2026-07-02 14:33:30.170000   100  50    4115.13      1.10      1.37    3741  Y    0 (0.01, 0.03, 0.06)  <-- STEP LAW MISS
  2026-07-02 14:36:25.132000   100  50    4132.78      1.15      1.38    3594  Y    0 (0.01, 0.03, 0.06)  <-- STEP LAW MISS
  2026-07-02 15:18:37.161000   100  50    4116.06      1.27      1.37    3241  Y    0 (0.01, 0.03, 0.06)  <-- STEP LAW MISS
  2026-07-02 16:28:09.150000   120  60    4116.85      0.77      1.37    5347  Y    0 (0.01, 0.02, 0.05)  <-- STEP LAW MISS
  2026-07-02 16:50:30.147000   120  60    4124.72      0.78      1.37    5288  Y    0 (0.01, 0.02, 0.05)  <-- STEP LAW MISS
  2026-07-02 18:30:51.253000   120  60    4108.79      0.62      1.37    6627  Y    2 (0.01, 0.02, 0.05)  <-- STEP LAW MISS
  2026-07-03 04:57:07.377000   120  60    4185.64      0.59      1.40    7094  Y    1 (0.01, 0.02, 0.05)  <-- STEP LAW MISS
  2026-07-08 10:26:09.154000   120  60    4088.14      0.50      1.36    8176  Y    2 (0.01, 0.02, 0.05)  <-- STEP LAW MISS
  2026-07-08 17:14:31.298000   120  60    4034.90      0.63      1.34    6405  Y    2 (0.01, 0.02, 0.05)  <-- STEP LAW MISS
  2026-07-09 07:01:42.779000   120  60    4069.89      0.43      1.36    9465  Y    1 (0.01, 0.02, 0.05)  <-- STEP LAW MISS
  2026-07-13 11:02:45.175000    60  30    4075.43      0.68      1.36    5993  Y    0 (0.08, 0.41, 0.82)  <-- STEP LAW MISS
  2026-07-13 12:32:21.322000    60  30    4065.90      0.68      1.36    5979  Y    0 (0.08, 0.41, 0.82)  <-- STEP LAW MISS
  2026-07-13 13:27:03.676000    60  30    4062.23      1.35      1.35    3009  Y    0 (0.01, 0.02, 0.05)
  2026-07-13 15:59:39.163000    60  30    4044.38      1.35      1.35    2996  Y    0 (0.01, 0.06, 0.15)
  2026-07-13 16:16:53.117000    60  30    4010.82      1.34      1.34    2993  Y    0 (0.01, 0.06, 0.15)
  2026-07-14 09:30:55.878000    60  30    4025.34      1.34      1.34    3004  Y    0 (0.01, 0.06, 0.15)
  2026-07-14 14:33:22.122000    60  30    4098.86      1.37      1.37    2992  Y    0 (0.01, 0.06, 0.15)
  2026-07-14 14:48:01.212000    60  30    4083.28      1.36      1.36    3002  Y    0 (0.01, 0.06, 0.15)
  2026-07-14 16:15:49.121000    60  30    4075.85      1.36      1.36    2997  Y    0 (0.01, 0.06, 0.15)
  2026-07-14 17:04:29.165000    60  30    4087.99      1.36      1.36    3006  Y    0 (0.01, 0.06, 0.15)
  2026-07-14 18:23:25.169000    60  30    4059.02      1.35      1.35    3007  Y    0 (0.01, 0.06, 0.15)
  2026-07-15 03:40:33.280000    60  30    4041.06      1.35      1.35    2993  Y    0 (0.01, 0.06, 0.15)
  2026-07-15 05:18:45.339000    60  30    4032.90      1.34      1.34    3010  Y    0 (0.01, 0.06, 0.15)
  2026-07-15 09:26:55.191000    60  30    4022.96      1.34      1.34    3002  Y    0 (0.01, 0.06, 0.15)
  2026-07-15 14:04:10.168000    60  30    4041.64      1.35      1.35    2994  Y    0 (0.01, 0.06, 0.15)
  2026-07-15 14:39:54.189000    60  30    4064.29      1.35      1.35    3011  Y    0 (0.01, 0.06, 0.15)
  2026-07-15 17:09:44.561000    60  30    4055.60      1.35      1.35    3004  Y    0 (0.01, 0.06, 0.15)
  2026-07-15 17:14:55.278000    60  30    4043.63      1.35      1.35    2995  Y    0 (0.01, 0.06, 0.15)
  2026-07-15 21:41:26.111000    60  30    4050.98      1.35      1.35    3001  Y    0 (0.01, 0.06, 0.15)
  2026-07-16 04:41:54.141000    60  30    4025.15      1.34      1.34    3004  Y    0 (0.01, 0.06, 0.15)
  2026-07-16 08:02:34.346000    60  30    4032.23      1.34      1.34    3009  Y    0 (0.01, 0.06, 0.15)
  2026-07-16 14:37:44.148000    60  30    4016.83      1.34      1.34    2998  Y    0 (0.01, 0.06, 0.15)
  2026-07-16 14:45:27.178000    60  30    3999.94      1.33      1.33    3007  Y    0 (0.01, 0.06, 0.15)
  2026-07-16 15:02:50.125000    60  30    3979.63      1.33      1.33    2992  Y    0 (0.01, 0.06, 0.15)
  2026-07-16 15:24:38.419000    60  30    3998.81      1.33      1.33    3007  Y    0 (0.01, 0.06, 0.15)
  2026-07-17 02:40:12.184000    60  30    3982.30      1.33      1.33    2994  Y    0 (0.01, 0.06, 0.15)
  2026-07-17 05:20:17.190000    60  30    4005.46      1.34      1.34    2989  Y    0 (0.01, 0.06, 0.15)
  2026-07-17 06:25:39.165000    60  30    3986.09      1.33      1.33    2997  Y    0 (0.01, 0.06, 0.15)
  2026-07-17 15:07:03.184000    60  30    3970.95      1.32      1.32    3008  Y    0 (0.01, 0.06, 0.15)
  2026-07-17 15:39:22.206000    60  30    4000.89      1.33      1.33    3008  Y    0 (0.01, 0.06, 0.15)
  2026-07-17 15:44:40.361000    60  30    3983.86      1.33      1.33    2995  Y    0 (0.01, 0.06, 0.15)
  2026-07-17 16:13:27.275000    60  30    3998.07      1.33      1.33    3006  Y    0 (0.01, 0.06, 0.15)
  2026-07-17 17:04:40.208000    60  30    4013.17      1.34      1.34    2995  Y    0 (0.01, 0.06, 0.15)
  2026-07-17 17:07:30.233000    60  30    4003.85      1.33      1.33    3010  Y    0 (0.01, 0.06, 0.15)
  2026-07-17 17:29:35.253000    60  30    4012.95      1.34      1.34    2995  Y    0 (0.01, 0.06, 0.15)
  2026-07-20 01:00:30.297000    60  30    3993.40      1.33      1.33    3003  Y    0 (0.01, 0.06, 0.15)
  2026-07-20 03:10:41.933000    60  30    4017.33      1.34      1.34    2998  Y    0 (0.01, 0.06, 0.15)
  2026-07-20 03:43:14.153000    60  30    3998.53      1.33      1.33    3006  Y    0 (0.01, 0.06, 0.15)
  2026-07-20 04:46:41.379000    60  30    4018.18      1.34      1.34    2999  Y    0 (0.01, 0.06, 0.15)
  2026-07-20 05:42:47.375000    60  30    4026.51      1.34      1.34    3005  Y    0 (0.01, 0.06, 0.15)
  2026-07-20 07:35:23.214000    60  30    4008.51      1.34      1.34    2991  Y    0 (0.01, 0.06, 0.15)
  2026-07-20 10:25:02.252000    60  30    4029.38      1.34      1.34    3007  Y    0 (0.01, 0.06, 0.15)
  2026-07-20 10:31:00.310000    60  30    4019.91      1.34      1.34    3000  Y    0 (0.01, 0.06, 0.15)
  2026-07-20 13:34:30.169000    60  30    4039.20      1.35      1.35    2992  Y    0 (0.01, 0.06, 0.15)
  2026-07-20 14:00:35.122000    60  30    4021.19      1.34      1.34    3001  Y    0 (0.01, 0.06, 0.15)
  2026-07-20 14:24:56.201000    60  30    4008.16      1.34      1.34    2991  Y    0 (0.01, 0.06, 0.15)
  2026-07-21 02:20:17.253000    60  30    4016.02      1.34      1.34    2997  Y    0 (0.01, 0.06, 0.15)
  2026-07-21 03:20:23.287000    60  30    4033.09      1.34      1.34    3010  Y    0 (0.01, 0.06, 0.15)
  2026-07-21 07:25:37.145000    60  30    4054.94      1.35      1.35    3004  Y    0 (0.01, 0.06, 0.15)
  2026-07-21 08:13:37.255000    60  30    4072.48      1.36      1.36    2994  Y    0 (0.01, 0.06, 0.15)
  2026-07-21 15:38:01.197000    60  30    4051.99      1.35      1.35    3001  Y    0 (0.01, 0.06, 0.15)
  2026-07-21 16:30:55.147000    60  30    4073.63      1.36      1.36    2995  Y    0 (0.01, 0.06, 0.15)
  2026-07-22 02:12:20.171000    60  30    4091.95      1.36      1.36    3009  Y    0 (0.01, 0.06, 0.15)
  2026-07-22 03:00:14.156000    60  30    4104.88      1.37      1.37    2996  Y    0 (0.01, 0.06, 0.15)
  2026-07-22 03:42:30.227000    60  30    4121.91      1.37      1.37    3009  Y    0 (0.01, 0.06, 0.15)
  2026-07-22 05:08:41.357000    60  30    4138.60      1.38      1.38    2999  Y    0 (0.01, 0.06, 0.15)
  2026-07-22 08:26:04.214000    60  30    4121.23      1.37      1.37    3008  Y    0 (0.01, 0.06, 0.15)
  2026-07-22 09:43:21.158000    60  30    4111.53      1.37      1.37    3001  Y    0 (0.01, 0.06, 0.15)
  2026-07-22 13:49:54.390000    60  30    4120.33      1.37      1.37    3008  Y    0 (0.01, 0.06, 0.15)
  2026-07-22 15:47:05.218000    60  30    4145.72      1.38      1.38    3004  Y    0 (0.01, 0.06, 0.15)
  2026-07-22 16:01:48.142000    60  30    4160.27      1.39      1.39    2993  Y    0 (0.01, 0.06, 0.15)
  2026-07-22 19:36:46.424000    60  30    4142.43      1.38      1.38    3002  Y    0 (0.01, 0.06, 0.15)
  2026-07-23 00:01:07.159000    60  30    4120.67      1.37      1.37    3008  Y    0 (0.01, 0.06, 0.15)
  2026-07-23 03:00:15.159000    60  30    4136.91      1.38      1.38    2998  Y    0 (0.01, 0.06, 0.15)
  2026-07-23 03:56:26.120000    60  30    4115.74      1.37      1.37    3004  Y    0 (0.01, 0.06, 0.15)
  2026-07-23 13:24:10.310000    60  30    4081.98      1.36      1.36    3001  Y    0 (0.01, 0.06, 0.15)
  2026-07-23 14:54:31.414000    60  30    4063.04      1.35      1.35    3010  Y    0 (0.01, 0.06, 0.15)
  2026-07-23 15:08:54.215000    60  30    4045.03      1.35      1.35    2996  Y    0 (0.01, 0.06, 0.15)
  2026-07-23 15:33:02.163000    60  30    4065.01      1.36      1.36    2989  Y    0 (0.01, 0.06, 0.15)
  2026-07-23 15:57:50.265000    60  30    4049.51      1.35      1.35    3000  Y    0 (0.01, 0.06, 0.15)
  2026-07-24 07:18:50.916000    60  30    4022.60      1.34      1.34    3002  Y    0 (0.01, 0.06, 0.15)
  2026-07-24 08:13:26.289000    60  30    4030.75      1.34      1.34    3008  Y    0 (0.01, 0.06, 0.15)
  2026-07-24 09:10:20.241000    60  30    4047.24      1.35      1.35    2998  Y    0 (0.01, 0.06, 0.15)
  2026-07-24 15:52:26.215000    60  30    4056.27      1.35      1.35    3005  Y    0 (0.01, 0.06, 0.15)
  2026-07-24 16:03:52.284000    60  30    4065.31      1.36      1.36    2989  Y    0 (0.01, 0.06, 0.15)
  2026-07-27 01:24:23.713000    60  30    4085.19      1.36      1.36    3004  Y    0 (0.01, 0.06, 0.15)
  2026-07-27 02:05:46.201000    60  30    4102.31      1.37      1.37    2994  Y    0 (0.01, 0.06, 0.15)
  2026-07-27 15:22:49.154000    60  30    4084.06      1.36      1.36    3003  Y    0 (0.01, 0.06, 0.15)
  2026-07-28 02:10:08.202000    60  30    4066.71      1.36      1.36    2990  Y    0 (0.01, 0.06, 0.15)
  2026-07-28 03:03:09.187000    30  15    4057.00      1.35      1.35    3005  Y    0 (0.01, 0.06)
  2026-07-28 07:34:50.159000    60  30    4038.58      1.35      1.35    2992  Y    0 (0.01, 0.06, 0.15)
  2026-07-28 18:10:36.237000    60  30    4042.61      1.35      1.35    2995  Y    0 (0.01, 0.06, 0.15)
  2026-07-28 20:34:12.155000    60  30    4024.77      1.34      1.34    3004  Y    0 (0.01, 0.06, 0.15)
  2026-07-29 19:45:49.168000    60  30    4046.94      1.35      1.35    2998  Y    0 (0.01, 0.06, 0.15)
  2026-07-29 20:19:57.175000    60  30    4071.55      1.36      1.36    2994  Y    0 (0.01, 0.06, 0.15)
  2026-07-29 20:40:04.136000    53  27    4072.15      1.36      1.36    2994  Y    0 (0.01, 0.06, 0.15)
  2026-07-29 20:52:01.143000    22  11    4099.65      1.37      1.37    2992  Y    0 (0.01, 0.06)
  2026-07-29 21:26:36.232000    60  30    4083.22      1.36      1.36    3002  Y    0 (0.01, 0.06, 0.15)
  2026-07-29 21:43:20.169000    60  30    4070.29      1.36      1.36    2993  Y    0 (0.01, 0.06, 0.15)
  2026-07-29 22:01:53.098000    10   5    4050.65      1.35      1.35    3000  Y    0 (0.01,)
  2026-07-30 00:05:28.184000    60  30    4073.28      1.36      1.36    2995  Y    0 (0.01, 0.06, 0.15)
  2026-07-30 01:08:04.192000    60  30    4097.36      1.37      1.37    2991  Y    0 (0.01, 0.06, 0.15)
  2026-07-30 02:22:04.304000    60  30    4078.64      1.36      1.36    2999  Y    0 (0.01, 0.06, 0.15)
  2026-07-30 06:46:38.559000    20  10    4050.29      1.35      1.35    3000  Y    0 (0.01,)
  2026-07-30 07:39:53.191000    60  30    4030.90      1.34      1.34    3008  Y    0 (0.01, 0.06, 0.15)
  2026-07-30 08:24:35.291000    60  30    4038.12      1.35      1.35    2991  Y    0 (0.01, 0.06, 0.15)
  2026-07-30 10:28:47.099000    60  30    4066.93      1.36      1.36    2990  Y    0 (0.01, 0.06, 0.15)
  2026-07-30 15:26:17.173000    60  30    4080.10      1.36      1.36    3000  Y    0 (0.01, 0.06, 0.15)
  2026-07-30 15:46:33.118000    49  25    4088.10      1.36      1.36    3006  Y    0 (0.01, 0.06, 0.15)
  2026-07-30 15:54:05.176000    60  30    4100.23      1.37      1.37    2993  Y    0 (0.01, 0.06, 0.15)
  2026-07-30 16:06:37.325000    60  30    4104.84      1.37      1.37    2996  Y    0 (0.01, 0.06, 0.15)
  2026-07-30 16:21:53.218000    60  30    4091.80      1.36      1.36    3009  Y    0 (0.01, 0.06, 0.15)
  2026-07-30 16:46:43.112000    60  30    4104.83      1.37      1.37    2996  Y    0 (0.01, 0.06, 0.15)
  2026-07-30 17:12:09.286000    10   7    4087.55      1.36      1.36    3006  Y    0 (0.01,)

=== step law by N ===
  N=  5 n=   1 law_hits=   1 step min=1.35 max=1.35 ratio p05=3000 p50=3000 p95=3000
  N=  7 n=   1 law_hits=   1 step min=1.36 max=1.36 ratio p05=3006 p50=3006 p95=3006
  N= 10 n=   1 law_hits=   1 step min=1.35 max=1.35 ratio p05=3000 p50=3000 p95=3000
  N= 11 n=   1 law_hits=   1 step min=1.37 max=1.37 ratio p05=2992 p50=2992 p95=2992
  N= 15 n=   1 law_hits=   1 step min=1.35 max=1.35 ratio p05=3005 p50=3005 p95=3005
  N= 25 n=   1 law_hits=   1 step min=1.36 max=1.36 ratio p05=3006 p50=3006 p95=3006
  N= 27 n=   1 law_hits=   1 step min=1.36 max=1.36 ratio p05=2994 p50=2994 p95=2994
  N= 30 n=  97 law_hits=  95 step min=0.68 max=1.39 ratio p05=2991 p50=3000 p95=3010
  N= 50 n=  99 law_hits=   1 step min=0.75 max=1.68 ratio p05=2895 p50=4041 p95=4907
  N= 60 n=   7 law_hits=   0 step min=0.43 max=0.78 ratio p05=5288 p50=6627 p95=9465
